  Determining projects to restore...
  All projects are up-to-date for restore.
  MedicalSimulation.Core -> C:\Users\91798\.gemini\antigravity\scratch\MedSimProject\MedicalSimulation.Core\bin\Debug\net8.0\MedicalSimulation.Core.dll
C:\Users\91798\.gemini\antigravity\scratch\MedSimProject\MedicalSimulation.Web\obj\Debug\net8.0\Microsoft.CodeAnalysis.Razor.Compiler\Microsoft.NET.Sdk.Razor.SourceGenerators.RazorSourceGenerator\Areas_Identity_Pages_Account_Login_cshtml.g.cs(123,71): error CS0246: The type or namespace name 'LoginModel' could not be found (are you missing a using directive or an assembly reference?) [C:\Users\91798\.gemini\antigravity\scratch\MedSimProject\MedicalSimulation.Web\MedicalSimulation.Web.csproj]
C:\Users\91798\.gemini\antigravity\scratch\MedSimProject\MedicalSimulation.Web\obj\Debug\net8.0\Microsoft.CodeAnalysis.Razor.Compiler\Microsoft.NET.Sdk.Razor.SourceGenerators.RazorSourceGenerator\Areas_Identity_Pages_Account_Register_cshtml.g.cs(118,71): error CS0246: The type or namespace name 'RegisterModel' could not be found (are you missing a using directive or an assembly reference?) [C:\Users\91798\.gemini\antigravity\scratch\MedSimProject\MedicalSimulation.Web\MedicalSimulation.Web.csproj]
C:\Users\91798\.gemini\antigravity\scratch\MedSimProject\MedicalSimulation.Web\obj\Debug\net8.0\Microsoft.CodeAnalysis.Razor.Compiler\Microsoft.NET.Sdk.Razor.SourceGenerators.RazorSourceGenerator\Areas_Identity_Pages_Account_Login_cshtml.g.cs(125,81): error CS0246: The type or namespace name 'LoginModel' could not be found (are you missing a using directive or an assembly reference?) [C:\Users\91798\.gemini\antigravity\scratch\MedSimProject\MedicalSimulation.Web\MedicalSimulation.Web.csproj]
C:\Users\91798\.gemini\antigravity\scratch\MedSimProject\MedicalSimulation.Web\obj\Debug\net8.0\Microsoft.CodeAnalysis.Razor.Compiler\Microsoft.NET.Sdk.Razor.SourceGenerators.RazorSourceGenerator\Areas_Identity_Pages_Account_Register_cshtml.g.cs(120,81): error CS0246: The type or namespace name 'RegisterModel' could not be found (are you missing a using directive or an assembly reference?) [C:\Users\91798\.gemini\antigravity\scratch\MedSimProject\MedicalSimulation.Web\MedicalSimulation.Web.csproj]
C:\Users\91798\.gemini\antigravity\scratch\MedSimProject\MedicalSimulation.Web\obj\Debug\net8.0\Microsoft.CodeAnalysis.Razor.Compiler\Microsoft.NET.Sdk.Razor.SourceGenerators.RazorSourceGenerator\Areas_Identity_Pages_Account_Login_cshtml.g.cs(126,16): error CS0246: The type or namespace name 'LoginModel' could not be found (are you missing a using directive or an assembly reference?) [C:\Users\91798\.gemini\antigravity\scratch\MedSimProject\MedicalSimulation.Web\MedicalSimulation.Web.csproj]
C:\Users\91798\.gemini\antigravity\scratch\MedSimProject\MedicalSimulation.Web\obj\Debug\net8.0\Microsoft.CodeAnalysis.Razor.Compiler\Microsoft.NET.Sdk.Razor.SourceGenerators.RazorSourceGenerator\Areas_Identity_Pages_Account_Register_cshtml.g.cs(121,16): error CS0246: The type or namespace name 'RegisterModel' could not be found (are you missing a using directive or an assembly reference?) [C:\Users\91798\.gemini\antigravity\scratch\MedSimProject\MedicalSimulation.Web\MedicalSimulation.Web.csproj]

Build FAILED.

C:\Users\91798\.gemini\antigravity\scratch\MedSimProject\MedicalSimulation.Web\obj\Debug\net8.0\Microsoft.CodeAnalysis.Razor.Compiler\Microsoft.NET.Sdk.Razor.SourceGenerators.RazorSourceGenerator\Areas_Identity_Pages_Account_Login_cshtml.g.cs(123,71): error CS0246: The type or namespace name 'LoginModel' could not be found (are you missing a using directive or an assembly reference?) [C:\Users\91798\.gemini\antigravity\scratch\MedSimProject\MedicalSimulation.Web\MedicalSimulation.Web.csproj]
C:\Users\91798\.gemini\antigravity\scratch\MedSimProject\MedicalSimulation.Web\obj\Debug\net8.0\Microsoft.CodeAnalysis.Razor.Compiler\Microsoft.NET.Sdk.Razor.SourceGenerators.RazorSourceGenerator\Areas_Identity_Pages_Account_Register_cshtml.g.cs(118,71): error CS0246: The type or namespace name 'RegisterModel' could not be found (are you missing a using directive or an assembly reference?) [C:\Users\91798\.gemini\antigravity\scratch\MedSimProject\MedicalSimulation.Web\MedicalSimulation.Web.csproj]
C:\Users\91798\.gemini\antigravity\scratch\MedSimProject\MedicalSimulation.Web\obj\Debug\net8.0\Microsoft.CodeAnalysis.Razor.Compiler\Microsoft.NET.Sdk.Razor.SourceGenerators.RazorSourceGenerator\Areas_Identity_Pages_Account_Login_cshtml.g.cs(125,81): error CS0246: The type or namespace name 'LoginModel' could not be found (are you missing a using directive or an assembly reference?) [C:\Users\91798\.gemini\antigravity\scratch\MedSimProject\MedicalSimulation.Web\MedicalSimulation.Web.csproj]
C:\Users\91798\.gemini\antigravity\scratch\MedSimProject\MedicalSimulation.Web\obj\Debug\net8.0\Microsoft.CodeAnalysis.Razor.Compiler\Microsoft.NET.Sdk.Razor.SourceGenerators.RazorSourceGenerator\Areas_Identity_Pages_Account_Register_cshtml.g.cs(120,81): error CS0246: The type or namespace name 'RegisterModel' could not be found (are you missing a using directive or an assembly reference?) [C:\Users\91798\.gemini\antigravity\scratch\MedSimProject\MedicalSimulation.Web\MedicalSimulation.Web.csproj]
C:\Users\91798\.gemini\antigravity\scratch\MedSimProject\MedicalSimulation.Web\obj\Debug\net8.0\Microsoft.CodeAnalysis.Razor.Compiler\Microsoft.NET.Sdk.Razor.SourceGenerators.RazorSourceGenerator\Areas_Identity_Pages_Account_Login_cshtml.g.cs(126,16): error CS0246: The type or namespace name 'LoginModel' could not be found (are you missing a using directive or an assembly reference?) [C:\Users\91798\.gemini\antigravity\scratch\MedSimProject\MedicalSimulation.Web\MedicalSimulation.Web.csproj]
C:\Users\91798\.gemini\antigravity\scratch\MedSimProject\MedicalSimulation.Web\obj\Debug\net8.0\Microsoft.CodeAnalysis.Razor.Compiler\Microsoft.NET.Sdk.Razor.SourceGenerators.RazorSourceGenerator\Areas_Identity_Pages_Account_Register_cshtml.g.cs(121,16): error CS0246: The type or namespace name 'RegisterModel' could not be found (are you missing a using directive or an assembly reference?) [C:\Users\91798\.gemini\antigravity\scratch\MedSimProject\MedicalSimulation.Web\MedicalSimulation.Web.csproj]
    0 Warning(s)
    6 Error(s)

Time Elapsed 00:00:01.79
