  Determining projects to restore...
  All projects are up-to-date for restore.
  MedicalSimulation.Core -> C:\Users\91798\.gemini\antigravity\scratch\MedSimProject\MedicalSimulation.Core\bin\Debug\net8.0\MedicalSimulation.Core.dll
C:\Users\91798\.gemini\antigravity\scratch\MedSimProject\MedicalSimulation.Web\Program.cs(15,18): error CS1061: 'IServiceCollection' does not contain a definition for 'AddDatabaseDeveloperPageExceptionFilter' and no accessible extension method 'AddDatabaseDeveloperPageExceptionFilter' accepting a first argument of type 'IServiceCollection' could be found (are you missing a using directive or an assembly reference?) [C:\Users\91798\.gemini\antigravity\scratch\MedSimProject\MedicalSimulation.Web\MedicalSimulation.Web.csproj]
C:\Users\91798\.gemini\antigravity\scratch\MedSimProject\MedicalSimulation.Web\Program.cs(44,9): error CS1061: 'WebApplication' does not contain a definition for 'UseMigrationsEndPoint' and no accessible extension method 'UseMigrationsEndPoint' accepting a first argument of type 'WebApplication' could be found (are you missing a using directive or an assembly reference?) [C:\Users\91798\.gemini\antigravity\scratch\MedSimProject\MedicalSimulation.Web\MedicalSimulation.Web.csproj]

Build FAILED.

C:\Users\91798\.gemini\antigravity\scratch\MedSimProject\MedicalSimulation.Web\Program.cs(15,18): error CS1061: 'IServiceCollection' does not contain a definition for 'AddDatabaseDeveloperPageExceptionFilter' and no accessible extension method 'AddDatabaseDeveloperPageExceptionFilter' accepting a first argument of type 'IServiceCollection' could be found (are you missing a using directive or an assembly reference?) [C:\Users\91798\.gemini\antigravity\scratch\MedSimProject\MedicalSimulation.Web\MedicalSimulation.Web.csproj]
C:\Users\91798\.gemini\antigravity\scratch\MedSimProject\MedicalSimulation.Web\Program.cs(44,9): error CS1061: 'WebApplication' does not contain a definition for 'UseMigrationsEndPoint' and no accessible extension method 'UseMigrationsEndPoint' accepting a first argument of type 'WebApplication' could be found (are you missing a using directive or an assembly reference?) [C:\Users\91798\.gemini\antigravity\scratch\MedSimProject\MedicalSimulation.Web\MedicalSimulation.Web.csproj]
    0 Warning(s)
    2 Error(s)

Time Elapsed 00:00:02.16
